airport QAA
airport IAA
airport KAA
airport OAA
airport NAA
airport AAA
airport CAA
airport LAA
airport JAA
airport GAA
airport HAA
airport MAA
airport SAA
airport TAA
airport PAA
airport BAA
airport EAA
airport FAA
airport RAA
airport DAA
too many reservations
too many reservations
too many reservations
too many reservations
too many reservations
too many reservations
too many reservations
too many reservations
too many reservations
too many reservations
too many reservations
too many reservations
too many reservations
too many reservations
too many reservations
too many reservations
too many reservations
too many reservations
too many reservations
too many reservations
too many reservations
too many reservations
too many reservations
too many reservations
too many reservations
too many reservations
too many reservations
too many reservations
too many reservations
too many reservations
3180252902 1
