airport AAA
airport OAA
airport RAA
airport CAA
airport FAA
airport XAA
airport HAA
airport IAA
airport BCA
airport JAA
airport BDA
airport NAA
airport QAA
airport VAA
airport LAA
airport PAA
airport UAA
airport GAA
airport ZAA
airport SAA
airport BAA
duplicate airport
airport EAA
airport MAA
airport KAA
airport WAA
airport DAA
airport YAA
airport TAA
airport BBA
not found
